// Jest Snapshot v1, https://goo.gl/fbAQLP

exports[`<HotelCard /> should render and match the snapshot 1`] = `
<body>
  <div>
    <span
      aria-label="4.5 Stars"
      class="MuiRating-root MuiRating-readOnly"
      role="img"
    >
      <span
        class="MuiRating-decimal"
      >
        <span
          style="width: 0%; overflow: hidden; z-index: 1; position: absolute;"
        >
          <span
            class="MuiRating-icon MuiRating-iconFilled"
          >
            <svg
              aria-hidden="true"
              class="MuiSvgIcon-root MuiSvgIcon-fontSizeInherit"
              focusable="false"
              viewBox="0 0 24 24"
            >
              <path
                d="M12 21.35l-1.45-1.32C5.4 15.36 2 12.28 2 8.5 2 5.42 4.42 3 7.5 3c1.74 0 3.41.81 4.5 2.09C13.09 3.81 14.76 3 16.5 3 19.58 3 22 5.42 22 8.5c0 3.78-3.4 6.86-8.55 11.54L12 21.35z"
              />
            </svg>
          </span>
        </span>
        <span>
          <span
            class="MuiRating-icon MuiRating-iconFilled"
          >
            <svg
              aria-hidden="true"
              class="MuiSvgIcon-root MuiSvgIcon-fontSizeInherit"
              focusable="false"
              viewBox="0 0 24 24"
            >
              <path
                d="M12 21.35l-1.45-1.32C5.4 15.36 2 12.28 2 8.5 2 5.42 4.42 3 7.5 3c1.74 0 3.41.81 4.5 2.09C13.09 3.81 14.76 3 16.5 3 19.58 3 22 5.42 22 8.5c0 3.78-3.4 6.86-8.55 11.54L12 21.35z"
              />
            </svg>
          </span>
        </span>
      </span>
      <span
        class="MuiRating-decimal"
      >
        <span
          style="width: 0%; overflow: hidden; z-index: 1; position: absolute;"
        >
          <span
            class="MuiRating-icon MuiRating-iconFilled"
          >
            <svg
              aria-hidden="true"
              class="MuiSvgIcon-root MuiSvgIcon-fontSizeInherit"
              focusable="false"
              viewBox="0 0 24 24"
            >
              <path
                d="M12 21.35l-1.45-1.32C5.4 15.36 2 12.28 2 8.5 2 5.42 4.42 3 7.5 3c1.74 0 3.41.81 4.5 2.09C13.09 3.81 14.76 3 16.5 3 19.58 3 22 5.42 22 8.5c0 3.78-3.4 6.86-8.55 11.54L12 21.35z"
              />
            </svg>
          </span>
        </span>
        <span>
          <span
            class="MuiRating-icon MuiRating-iconFilled"
          >
            <svg
              aria-hidden="true"
              class="MuiSvgIcon-root MuiSvgIcon-fontSizeInherit"
              focusable="false"
              viewBox="0 0 24 24"
            >
              <path
                d="M12 21.35l-1.45-1.32C5.4 15.36 2 12.28 2 8.5 2 5.42 4.42 3 7.5 3c1.74 0 3.41.81 4.5 2.09C13.09 3.81 14.76 3 16.5 3 19.58 3 22 5.42 22 8.5c0 3.78-3.4 6.86-8.55 11.54L12 21.35z"
              />
            </svg>
          </span>
        </span>
      </span>
      <span
        class="MuiRating-decimal"
      >
        <span
          style="width: 0%; overflow: hidden; z-index: 1; position: absolute;"
        >
          <span
            class="MuiRating-icon MuiRating-iconFilled"
          >
            <svg
              aria-hidden="true"
              class="MuiSvgIcon-root MuiSvgIcon-fontSizeInherit"
              focusable="false"
              viewBox="0 0 24 24"
            >
              <path
                d="M12 21.35l-1.45-1.32C5.4 15.36 2 12.28 2 8.5 2 5.42 4.42 3 7.5 3c1.74 0 3.41.81 4.5 2.09C13.09 3.81 14.76 3 16.5 3 19.58 3 22 5.42 22 8.5c0 3.78-3.4 6.86-8.55 11.54L12 21.35z"
              />
            </svg>
          </span>
        </span>
        <span>
          <span
            class="MuiRating-icon MuiRating-iconFilled"
          >
            <svg
              aria-hidden="true"
              class="MuiSvgIcon-root MuiSvgIcon-fontSizeInherit"
              focusable="false"
              viewBox="0 0 24 24"
            >
              <path
                d="M12 21.35l-1.45-1.32C5.4 15.36 2 12.28 2 8.5 2 5.42 4.42 3 7.5 3c1.74 0 3.41.81 4.5 2.09C13.09 3.81 14.76 3 16.5 3 19.58 3 22 5.42 22 8.5c0 3.78-3.4 6.86-8.55 11.54L12 21.35z"
              />
            </svg>
          </span>
        </span>
      </span>
      <span
        class="MuiRating-decimal"
      >
        <span
          style="width: 0%; overflow: hidden; z-index: 1; position: absolute;"
        >
          <span
            class="MuiRating-icon MuiRating-iconFilled"
          >
            <svg
              aria-hidden="true"
              class="MuiSvgIcon-root MuiSvgIcon-fontSizeInherit"
              focusable="false"
              viewBox="0 0 24 24"
            >
              <path
                d="M12 21.35l-1.45-1.32C5.4 15.36 2 12.28 2 8.5 2 5.42 4.42 3 7.5 3c1.74 0 3.41.81 4.5 2.09C13.09 3.81 14.76 3 16.5 3 19.58 3 22 5.42 22 8.5c0 3.78-3.4 6.86-8.55 11.54L12 21.35z"
              />
            </svg>
          </span>
        </span>
        <span>
          <span
            class="MuiRating-icon MuiRating-iconFilled"
          >
            <svg
              aria-hidden="true"
              class="MuiSvgIcon-root MuiSvgIcon-fontSizeInherit"
              focusable="false"
              viewBox="0 0 24 24"
            >
              <path
                d="M12 21.35l-1.45-1.32C5.4 15.36 2 12.28 2 8.5 2 5.42 4.42 3 7.5 3c1.74 0 3.41.81 4.5 2.09C13.09 3.81 14.76 3 16.5 3 19.58 3 22 5.42 22 8.5c0 3.78-3.4 6.86-8.55 11.54L12 21.35z"
              />
            </svg>
          </span>
        </span>
      </span>
      <span
        class="MuiRating-decimal"
      >
        <span
          style="width: 50%; overflow: hidden; z-index: 1; position: absolute;"
        >
          <span
            class="MuiRating-icon MuiRating-iconFilled"
          >
            <svg
              aria-hidden="true"
              class="MuiSvgIcon-root MuiSvgIcon-fontSizeInherit"
              focusable="false"
              viewBox="0 0 24 24"
            >
              <path
                d="M12 21.35l-1.45-1.32C5.4 15.36 2 12.28 2 8.5 2 5.42 4.42 3 7.5 3c1.74 0 3.41.81 4.5 2.09C13.09 3.81 14.76 3 16.5 3 19.58 3 22 5.42 22 8.5c0 3.78-3.4 6.86-8.55 11.54L12 21.35z"
              />
            </svg>
          </span>
        </span>
        <span>
          <span
            class="MuiRating-icon MuiRating-iconEmpty"
          >
            <svg
              aria-hidden="true"
              class="MuiSvgIcon-root MuiSvgIcon-fontSizeInherit"
              focusable="false"
              viewBox="0 0 24 24"
            >
              <path
                d="M12 21.35l-1.45-1.32C5.4 15.36 2 12.28 2 8.5 2 5.42 4.42 3 7.5 3c1.74 0 3.41.81 4.5 2.09C13.09 3.81 14.76 3 16.5 3 19.58 3 22 5.42 22 8.5c0 3.78-3.4 6.86-8.55 11.54L12 21.35z"
              />
            </svg>
          </span>
        </span>
      </span>
    </span>
  </div>
</body>
`;
